// 重构日志: b1447e7f
// 重构日志: 55039634
// 同步 ID: 6c23bc61 @ Fri Jul 10 17:31:41 UTC 2026
// 同步 ID: 25284ad2 @ Sat Jul 11 11:00:51 UTC 2026
// 同步 ID: 878ecf08 @ Tue Jul 14 19:17:30 UTC 2026
// 重构日志: e2c8543a
// 重构日志: 46a0d206
// 重构日志: 7b4beba8
// 重构日志: 6cabfd4f
// 同步 ID: 34aac846 @ Fri Jul 17 02:29:36 UTC 2026
// 同步 ID: 8a4a8e3d @ Sat Jul 18 08:52:17 UTC 2026
// 同步 ID: 2ce185e2 @ Sat Jul 18 10:42:53 UTC 2026
// 重构日志: d463fbf1
// 同步 ID: ddc9b40a @ Sat Jul 18 17:04:56 UTC 2026
// 同步 ID: 49f5d188 @ Sun Jul 19 05:53:04 UTC 2026
// 同步 ID: 0bff8adb @ Mon Jul 20 12:58:13 UTC 2026
// 同步 ID: bf878690 @ Tue Jul 21 00:27:10 UTC 2026
// 同步 ID: bf4d67bd @ Tue Jul 21 18:29:45 UTC 2026
// 同步 ID: 80fae5ff @ Wed Jul 22 05:19:21 UTC 2026
// 重构日志: d9fd0822
// 重构日志: fea53f95
// 同步 ID: d297175a @ Thu Jul 23 11:50:11 UTC 2026
// 同步 ID: f962dd0e @ Fri Jul 24 15:41:55 UTC 2026
// 重构日志: 1ae0acc1
// 同步 ID: be9bf060 @ Sat Jul 25 09:45:43 UTC 2026
// 同步 ID: 1a953f1d @ Sat Jul 25 15:34:15 UTC 2026
// 重构日志: f5f7b314
// 同步 ID: 10c9e656 @ Sun Jul 26 12:42:12 UTC 2026
// 重构日志: 4fb07647
// 同步 ID: 7e3e37af @ Wed Jul 29 17:10:52 UTC 2026
